

Gherkin: 299/299 PASS; 0 FAIL; zero skips
{"checks": 73, "protocol_adversarial": "PASS"}
{
  "status": "PASS",
  "groups": [
    {
      "group": "quote_reference",
      "status": "PASS"
    },
    {
      "group": "credit_boundaries",
      "status": "PASS"
    },
    {
      "group": "daily_gross",
      "status": "PASS"
    },
    {
      "group": "eligibility",
      "status": "PASS"
    },
    {
      "group": "risk_window",
      "status": "PASS"
    },
    {
      "group": "capture_fragments",
      "status": "PASS"
    },
    {
      "group": "refund_fragments",
      "status": "PASS"
    },
    {
      "group": "future_refund",
      "status": "PASS"
    },
    {
      "group": "payment_priority",
      "status": "PASS"
    },
    {
      "group": "reward_cap",
      "status": "PASS"
    },
    {
      "group": "capture_partition",
      "status": "PASS"
    },
    {
      "group": "replay",
      "status": "PASS"
    },
    {
      "group": "declined_replay",
      "status": "PASS"
    },
    {
      "group": "capacity",
      "status": "PASS"
    },
    {
      "group": "expiration",
      "status": "PASS"
    },
    {
      "group": "independent_accounts",
      "status": "PASS"
    },
    {
      "group": "line_boundary",
      "status": "PASS"
    }
  ],
  "processes": 47,
  "responses": 864
}
{"status": "PASS", "seed": 20260930, "numeric_cases": 16887, "assertions": 32502, "reference": "Python arbitrary-precision integers; no expected values from the C implementation"}
{"status": "PASS", "seed": 20260930, "streams": 9, "commands": 540, "assertions": 212281, "oracle": "Independent relational sums and arbitrary-precision equations over records produced by real C commands"}
{
  "status": "PASS",
  "groups": [
    {
      "group": "malformed_c_api",
      "status": "PASS",
      "cases": 11
    },
    {
      "group": "numeric_transaction_edges",
      "status": "PASS",
      "cases": 5
    }
  ],
  "cli_processes": 5,
  "cli_responses": 34
}
File '/home/gustavo/workspace/aurum-fixture/subject/src/policy.c'
Lines executed:100.00% of 98
Branches executed:99.07% of 214
Taken at least once:73.83% of 214
Calls executed:100.00% of 21

Creating 'aurum-policy.gcov.json.gz'
File '/home/gustavo/workspace/aurum-fixture/subject/src/main.c'
Lines executed:88.89% of 36
Branches executed:95.83% of 48
Taken at least once:64.58% of 48
Calls executed:56.67% of 30

Creating 'aurum-main.gcov.json.gz'
File '/home/gustavo/workspace/aurum-fixture/subject/src/engine.c'
Lines executed:97.96% of 49
Branches executed:97.65% of 85
Taken at least once:78.82% of 85
Calls executed:85.19% of 27

Creating 'libaurum.so-engine.gcov.json.gz'
File '/home/gustavo/workspace/aurum-fixture/subject/src/protocol.c'
Lines executed:90.48% of 315
Branches executed:93.90% of 590
Taken at least once:72.54% of 590
Calls executed:93.81% of 97

Creating 'aurum-protocol.gcov.json.gz'
File '/home/gustavo/workspace/aurum-fixture/subject/src/lifecycle.c'
Lines executed:93.62% of 282
Branches executed:96.43% of 224
Taken at least once:67.86% of 224
Calls executed:79.34% of 121

Creating 'libaurum.so-lifecycle.gcov.json.gz'
File '/home/gustavo/workspace/aurum-fixture/subject/src/output.c'
Lines executed:24.17% of 120
Branches executed:30.38% of 79
Taken at least once:17.72% of 79
Calls executed:16.33% of 98

Creating 'libaurum.so-output.gcov.json.gz'
File '/home/gustavo/workspace/aurum-fixture/subject/src/money.c'
Lines executed:100.00% of 44
Branches executed:100.00% of 80
Taken at least once:56.25% of 80
Calls executed:100.00% of 18

Creating 'aurum-money.gcov.json.gz'
File '/home/gustavo/workspace/aurum-fixture/subject/src/state.c'
Lines executed:97.97% of 197
Branches executed:100.00% of 196
Taken at least once:77.04% of 196
Calls executed:66.67% of 39

Creating 'libaurum.so-state.gcov.json.gz'
File '/home/gustavo/workspace/aurum-fixture/subject/src/billing.c'
Lines executed:97.27% of 110
Branches executed:96.92% of 130
Taken at least once:73.85% of 130
Calls executed:100.00% of 28

Creating 'libaurum.so-billing.gcov.json.gz'
File '/home/gustavo/workspace/aurum-fixture/subject/src/protocol.c'
Lines executed:51.75% of 315
Branches executed:55.42% of 590
Taken at least once:38.47% of 590
Calls executed:55.67% of 97

Creating 'libaurum.so-protocol.gcov.json.gz'
File '/home/gustavo/workspace/aurum-fixture/subject/src/policy.c'
Lines executed:100.00% of 98
Branches executed:100.00% of 214
Taken at least once:90.65% of 214
Calls executed:100.00% of 21

Creating 'libaurum.so-policy.gcov.json.gz'
File '/home/gustavo/workspace/aurum-fixture/subject/src/output.c'
Lines executed:98.33% of 120
Branches executed:97.47% of 79
Taken at least once:75.95% of 79
Calls executed:96.94% of 98

Creating 'aurum-output.gcov.json.gz'
File '/home/gustavo/workspace/aurum-fixture/subject/src/money.c'
Lines executed:100.00% of 44
Branches executed:100.00% of 80
Taken at least once:90.00% of 80
Calls executed:100.00% of 18

Creating 'libaurum.so-money.gcov.json.gz'
File '/home/gustavo/workspace/aurum-fixture/subject/src/billing.c'
Lines executed:93.64% of 110
Branches executed:90.77% of 130
Taken at least once:58.46% of 130
Calls executed:100.00% of 28

Creating 'aurum-billing.gcov.json.gz'
File '/home/gustavo/workspace/aurum-fixture/subject/src/lifecycle.c'
Lines executed:92.91% of 282
Branches executed:94.64% of 224
Taken at least once:63.84% of 224
Calls executed:77.69% of 121

Creating 'aurum-lifecycle.gcov.json.gz'
File '/home/gustavo/workspace/aurum-fixture/subject/src/engine.c'
Lines executed:97.96% of 49
Branches executed:100.00% of 85
Taken at least once:83.53% of 85
Calls executed:92.59% of 27

Creating 'aurum-engine.gcov.json.gz'
File '/home/gustavo/workspace/aurum-fixture/subject/src/state.c'
Lines executed:98.48% of 197
Branches executed:97.96% of 196
Taken at least once:75.00% of 196
Calls executed:66.67% of 39

Creating 'aurum-state.gcov.json.gz'
Lines executed:86.37% of 2466
{"status": "PASS", "mode": "coverage", "coverage": {"subject/src/output.c": {"lines": 120, "lines_hit": 118, "branches": 79, "branches_hit": 60}, "subject/src/lifecycle.c": {"lines": 282, "lines_hit": 266, "branches": 224, "branches_hit": 157}, "subject/src/money.c": {"lines": 44, "lines_hit": 44, "branches": 80, "branches_hit": 72}, "subject/src/state.c": {"lines": 197, "lines_hit": 196, "branches": 196, "branches_hit": 157}, "subject/src/policy.c": {"lines": 98, "lines_hit": 98, "branches": 214, "branches_hit": 197}, "subject/src/protocol.c": {"lines": 315, "lines_hit": 285, "branches": 590, "branches_hit": 444}, "subject/src/engine.c": {"lines": 49, "lines_hit": 48, "branches": 85, "branches_hit": 74}, "subject/src/main.c": {"lines": 36, "lines_hit": 32, "branches": 48, "branches_hit": 31}, "subject/src/billing.c": {"lines": 110, "lines_hit": 107, "branches": 130, "branches_hit": 97}}}
