

Gherkin: 299/299 PASS; 0 FAIL; zero skips
{"checks": 73, "protocol_adversarial": "PASS"}
{
  "status": "PASS",
  "groups": [
    {
      "group": "quote_reference",
      "status": "PASS"
    },
    {
      "group": "credit_boundaries",
      "status": "PASS"
    },
    {
      "group": "daily_gross",
      "status": "PASS"
    },
    {
      "group": "eligibility",
      "status": "PASS"
    },
    {
      "group": "risk_window",
      "status": "PASS"
    },
    {
      "group": "capture_fragments",
      "status": "PASS"
    },
    {
      "group": "refund_fragments",
      "status": "PASS"
    },
    {
      "group": "future_refund",
      "status": "PASS"
    },
    {
      "group": "payment_priority",
      "status": "PASS"
    },
    {
      "group": "reward_cap",
      "status": "PASS"
    },
    {
      "group": "capture_partition",
      "status": "PASS"
    },
    {
      "group": "replay",
      "status": "PASS"
    },
    {
      "group": "declined_replay",
      "status": "PASS"
    },
    {
      "group": "capacity",
      "status": "PASS"
    },
    {
      "group": "expiration",
      "status": "PASS"
    },
    {
      "group": "independent_accounts",
      "status": "PASS"
    },
    {
      "group": "line_boundary",
      "status": "PASS"
    }
  ],
  "processes": 47,
  "responses": 864
}
{"status": "PASS", "seed": 20260930, "numeric_cases": 16887, "assertions": 32502, "reference": "Python arbitrary-precision integers; no expected values from the C implementation"}
{"status": "PASS", "seed": 20260930, "streams": 9, "commands": 540, "assertions": 212281, "oracle": "Independent relational sums and arbitrary-precision equations over records produced by real C commands"}
{
  "status": "PASS",
  "groups": [
    {
      "group": "malformed_c_api",
      "status": "PASS",
      "cases": 11
    },
    {
      "group": "numeric_transaction_edges",
      "status": "PASS",
      "cases": 5
    }
  ],
  "cli_processes": 5,
  "cli_responses": 34
}
{"status": "PASS", "mode": "sanitize", "coverage": {}}
